var72(:,:,0) = 
    7266 7426 7586 7746 7906 8066 
    7269 7429 7589 7749 7909 8069 
    7272 7432 7592 7752 7912 8072 
    7275 7435 7595 7755 7915 8075 
    7278 7438 7598 7758 7918 8078 
    7281 7441 7601 7761 7921 8081 
    7284 7444 7604 7764 7924 8084 
    7287 7447 7607 7767 7927 8087 
    7290 7450 7610 7770 7930 8090 
    7293 7453 7613 7773 7933 8093 
    7296 7456 7616 7776 7936 8096 

var72(:,:,1) = 
    23650 23810 23970 24130 24290 24450 
    23653 23813 23973 24133 24293 24453 
    23656 23816 23976 24136 24296 24456 
    23659 23819 23979 24139 24299 24459 
    23662 23822 23982 24142 24302 24462 
    23665 23825 23985 24145 24305 24465 
    23668 23828 23988 24148 24308 24468 
    23671 23831 23991 24151 24311 24471 
    23674 23834 23994 24154 24314 24474 
    23677 23837 23997 24157 24317 24477 
    23680 23840 24000 24160 24320 24480 

