18653 + 18059i 
30454 + 36469i 
11090 + 49102i 
51945 + 25659i 
59160 + 51510i 
39866 + 61119i 
53268 + 43019i 
43356 + 9321i 
32869 + 31981i 
38858 + 37281i 
62411 + 63389i 
58886 + 55340i 
36223 + 10839i 
62276 + 52727i 
9244 + 37001i 
36878 + 2671i 
15788 + 12333i 
4031 + 15964i 
29959 + 25528i 
42025 + 16986i 
22838 + 65016i 
22738 + 31838i 
47727 + 42512i 
53210 + 45773i 
39345 + 36843i 
39409 + 52620i 
9100 + 59236i 
