var70(:,:,0) = 
    25438 25470 25502 
    25439 25471 25503 
    25440 25472 25504 

var70(:,:,1) = 
    26462 26494 26526 
    26463 26495 26527 
    26464 26496 26528 

