2 + 52i 5 + 55i 8 + 58i 11 + 61i 
3 + 53i 6 + 56i 9 + 59i 12 + 62i 
4 + 54i 7 + 57i 10 + 60i 13 + 63i 
