var86(:,:,0) = 
    -1271 + -13157i -29010 + 780i 19269 + -28010i 
    14705 + 1741i 16413 + 17471i -19881 + -15543i 
    16733 + -21007i 30260 + -21587i -30048 + 5455i 

var86(:,:,1) = 
    -19541 + 27210i -272 + 19856i -13006 + -31276i 
    -19240 + 25216i 29787 + 23175i -31514 + 13054i 
    -7020 + -4668i 23666 + -28064i 14353 + -6937i 

