1065 + 13673i 46563 + 42814i 4378 + 20386i 27677 + 53988i 32691 + 42830i 5451 + 8079i 
41837 + 33959i 11654 + 43607i 59303 + 58707i 30023 + 33025i 9068 + 42213i 3868 + 59473i 
1735 + 61140i 31814 + 14734i 40961 + 46446i 55189 + 48060i 5127 + 16861i 10939 + 56934i 
47224 + 2885i 13578 + 22852i 36566 + 55659i 31837 + 40116i 31594 + 36753i 24437 + 8522i 
51880 + 42347i 23524 + 42823i 42536 + 48968i 7207 + 62874i 45104 + 54788i 25721 + 52038i 
