var83(:,:,0) = 
    50875 + 50876i 50939 + 50940i 51003 + 51004i 
    50877 + 50878i 50941 + 50942i 51005 + 51006i 
    50879 + 50880i 50943 + 50944i 51007 + 51008i 

var83(:,:,1) = 
    52923 + 52924i 52987 + 52988i 53051 + 53052i 
    52925 + 52926i 52989 + 52990i 53053 + 53054i 
    52927 + 52928i 52991 + 52992i 53055 + 53056i 

