Name                       Size           Bytes          Class             

MA                         1x1            35423300  mxSTRUCT_CLASS    
