-103 + 16i -112 + 72i -112 + -108i -41 + -5i 13 + 9i -90 + 74i 
22 + -99i 7 + -87i -106 + 102i -106 + -60i 56 + 90i 33 + -43i 
-120 + 91i -13 + 52i 83 + -64i -66 + -123i 101 + -82i -43 + -28i 
39 + 111i 26 + 6i -98 + 47i 30 + 42i 7 + -109i 83 + 93i 
-119 + 91i -27 + -10i -63 + -71i -99 + -52i 96 + -104i -26 + 75i 
