var88(:,:,0) = 
    -122 + -112i 4 + 9i 62 + -125i 
    26 + -126i 13 + -119i -36 + 12i 
    -42 + -55i -49 + -56i -89 + 89i 

var88(:,:,1) = 
    -36 + 80i 107 + 110i -30 + -123i 
    -11 + 18i 84 + 85i -1 + 1i 
    -25 + -119i 121 + -34i -38 + -111i 

