var89(:,:,0) = 
    233 + 19i 98 + 36i 145 + 191i 87 + 191i 30 + 24i 142 + 157i 
    99 + 152i 129 + 239i 23 + 137i 187 + 27i 149 + 230i 186 + 204i 
    194 + 176i 246 + 207i 229 + 96i 224 + 67i 56 + 158i 139 + 252i 
    219 + 39i 42 + 97i 17 + 104i 96 + 230i 114 + 96i 130 + 202i 
    182 + 250i 209 + 14i 158 + 68i 66 + 32i 242 + 79i 197 + 221i 
    198 + 121i 114 + 150i 85 + 154i 196 + 72i 82 + 206i 169 + 34i 
    70 + 99i 245 + 204i 207 + 145i 239 + 53i 106 + 114i 160 + 148i 
    250 + 205i 62 + 143i 112 + 116i 15 + 197i 8 + 202i 131 + 129i 
    154 + 19i 192 + 87i 135 + 182i 111 + 188i 87 + 217i 255 + 157i 
    20 + 127i 88 + 125i 138 + 79i 225 + 144i 138 + 126i 93 + 4i 
    55 + 248i 254 + 59i 118 + 171i 190 + 181i 26 + 138i 140 + 149i 

var89(:,:,1) = 
    182 + 191i 212 + 183i 51 + 193i 46 + 45i 16 + 249i 110 + 132i 
    45 + 138i 121 + 33i 81 + 133i 90 + 128i 137 + 65i 234 + 197i 
    41 + 32i 193 + 87i 42 + 147i 171 + 187i 149 + 145i 22 + 223i 
    74 + 142i 95 + 150i 219 + 48i 105 + 53i 87 + 154i 229 + 72i 
    173 + 106i 75 + 167i 185 + 124i 23 + 168i 111 + 32i 169 + 26i 
    14 + 5i 139 + 111i 65 + 8i 111 + 218i 179 + 46i 128 + 186i 
    56 + 15i 241 + 161i 120 + 240i 91 + 101i 164 + 95i 87 + 139i 
    159 + 205i 62 + 17i 24 + 19i 90 + 72i 121 + 106i 152 + 77i 
    218 + 172i 165 + 198i 104 + 3i 178 + 168i 125 + 144i 17 + 58i 
    235 + 235i 249 + 244i 23 + 34i 172 + 79i 215 + 171i 215 + 242i 
    253 + 46i 207 + 210i 88 + 216i 176 + 42i 48 + 141i 62 + 229i 

