var89(:,:,0) = 
    138 + 223i 15 + 40i 220 + 232i 
    42 + 100i 244 + 205i 108 + 197i 
    117 + 1i 231 + 92i 154 + 244i 

var89(:,:,1) = 
    10 + 82i 122 + 12i 13 + 46i 
    203 + 134i 55 + 124i 221 + 158i 
    233 + 73i 71 + 0i 99 + 86i 

