386 6786 13186 19586 25986 32386 
416 6816 13216 19616 26016 32416 
446 6846 13246 19646 26046 32446 
476 6876 13276 19676 26076 32476 
506 6906 13306 19706 26106 32506 
