95 + 215i 18 + 212i 53 + 182i 95 + 50i 195 + 143i 246 + 168i 
221 + 136i 225 + 136i 86 + 135i 96 + 82i 24 + 65i 40 + 160i 
104 + 26i 150 + 209i 100 + 178i 231 + 137i 48 + 214i 183 + 181i 
188 + 180i 17 + 237i 212 + 184i 132 + 235i 230 + 58i 244 + 216i 
210 + 14i 136 + 12i 169 + 76i 18 + 81i 162 + 68i 74 + 200i 
