var79(:,:,0) = 
    189 61 14 
    167 12 182 
    29 107 224 

var79(:,:,1) = 
    220 223 90 
    11 2 201 
    104 157 70 

