-10654 + 2041i 
-5682 + -8946i 
23505 + -19284i 
-29808 + -793i 
14361 + 14250i 
24577 + 10449i 
10061 + -10980i 
2278 + 30610i 
30584 + -16154i 
-10092 + -15599i 
-28226 + 856i 
18653 + 19236i 
9803 + 32660i 
10182 + -32150i 
30378 + 32495i 
19696 + -11216i 
-30489 + -3723i 
31624 + -2321i 
6915 + -18372i 
8442 + -9731i 
-16034 + -3060i 
-30068 + -24676i 
7227 + -17710i 
-22074 + 4538i 
5373 + 10851i 
-12908 + 17807i 
10850 + 7874i 
