Name                       Size           Bytes          Class             

MA                         1x1            19895632  mxSTRUCT_CLASS    
