var78(:,:,0) = 
    1 -92 -60 -52 95 -76 
    37 39 -19 -57 -75 117 
    -55 109 99 2 -77 12 
    -70 -69 85 106 -83 -108 
    -48 68 76 -34 -112 51 
    -84 76 109 -77 69 -35 
    -96 -42 96 92 -57 -105 
    -93 -4 -60 30 -97 -1 
    -91 36 24 -126 36 99 
    -24 45 112 -55 37 -103 
    -123 -89 74 3 90 55 

var78(:,:,1) = 
    -77 59 40 39 115 -80 
    27 -19 27 88 -121 113 
    59 84 90 -55 99 27 
    -38 -99 122 -95 47 45 
    -96 -27 124 -27 -108 94 
    32 121 7 -5 -99 124 
    -52 25 -2 -11 -9 7 
    -32 -22 -84 48 -70 54 
    123 8 -45 125 67 76 
    63 -70 -79 94 -89 -54 
    122 9 -120 36 107 -48 

