var79(:,:,0) = 
    36 74 142 112 148 136 
    154 65 205 97 230 111 
    198 249 42 154 21 22 
    69 151 43 26 210 103 
    227 109 2 191 13 188 
    194 131 15 53 28 221 
    140 194 177 214 216 4 
    19 237 240 216 1 139 
    11 190 164 229 21 238 
    17 218 112 187 20 175 
    151 35 138 192 179 207 

var79(:,:,1) = 
    193 249 252 237 98 44 
    24 124 18 241 88 145 
    236 83 133 212 40 144 
    141 90 214 19 115 223 
    144 102 101 102 185 123 
    226 213 22 212 226 48 
    48 227 176 123 23 190 
    36 255 101 57 22 70 
    207 152 233 225 160 115 
    199 212 106 27 111 113 
    30 62 39 178 100 7 

