var87(:,:,0) = 
    29154 + 1772i 45054 + 414i 52064 + 64677i 
    48336 + 31334i 30579 + 13887i 20180 + 63930i 
    3678 + 54173i 21879 + 34871i 23166 + 28468i 

var87(:,:,1) = 
    16365 + 18112i 11544 + 24406i 47747 + 43718i 
    53804 + 5661i 31619 + 65305i 14924 + 63912i 
    28940 + 53064i 55604 + 3462i 21441 + 45581i 

