6513 + 6514i 
8735 + 8736i 
10957 + 10958i 
13179 + 13180i 
15401 + 15402i 
17623 + 17624i 
19845 + 19846i 
22067 + 22068i 
24289 + 24290i 
26511 + 26512i 
28733 + 28734i 
30955 + 30956i 
33177 + 33178i 
35399 + 35400i 
37621 + 37622i 
39843 + 39844i 
42065 + 42066i 
44287 + 44288i 
46509 + 46510i 
48731 + 48732i 
50953 + 50954i 
53175 + 53176i 
55397 + 55398i 
57619 + 57620i 
59841 + 59842i 
62063 + 62064i 
64285 + 64286i 
