140 141 150 31 131 66 
248 126 75 248 186 4 
23 95 48 68 101 57 
216 48 235 44 210 126 
38 243 145 100 205 133 
