-58 + 9i 
37 + -39i 
28 + 59i 
55 + -63i 
-67 + -87i 
82 + -113i 
38 + 85i 
89 + 115i 
84 + 100i 
1 + -29i 
-106 + -92i 
95 + 57i 
-104 + -80i 
-95 + -84i 
-14 + -123i 
-31 + -60i 
-27 + 2i 
-104 + -30i 
117 + 121i 
36 + 104i 
-49 + -121i 
-117 + 114i 
-98 + 73i 
40 + -4i 
123 + 33i 
-1 + 64i 
112 + -45i 
