var78(:,:,0) = 
    -16 47 -55 
    -117 -76 -1 
    11 -53 70 

var78(:,:,1) = 
    -26 -83 -71 
    70 73 -56 
    80 -31 65 

