2 + 22i 
5 + 25i 
8 + 28i 
11 + 31i 
14 + 34i 
17 + 37i 
20 + 40i 
