var88(:,:,0) = 
    24 + -109i 5 + 103i 79 + -98i -11 + -41i 3 + -95i -99 + -15i 
    -38 + 98i -71 + -109i -125 + -9i -4 + -5i -69 + -113i -92 + -70i 
    -32 + 69i -9 + 76i -81 + -45i 111 + -12i -24 + -55i 115 + 62i 
    1 + -58i 52 + -40i -30 + 6i -79 + 23i -40 + -78i -29 + -52i 
    106 + 37i -48 + 1i 109 + -65i 118 + -68i 81 + -95i -121 + 61i 
    23 + -118i -1 + -71i -111 + -88i 60 + -49i 108 + -15i -62 + 101i 
    86 + -117i 43 + 106i -21 + -57i -31 + -47i -37 + 5i -72 + 52i 
    3 + -10i 121 + -39i -59 + -22i 98 + -49i 24 + -97i -110 + -111i 
    -94 + 111i 68 + 45i 64 + -47i 19 + -84i 65 + 17i 126 + 124i 
    43 + -69i 9 + 7i 38 + 36i 114 + -19i -79 + -19i 85 + -44i 
    37 + 24i 49 + -122i 32 + 84i 126 + 112i -54 + -36i -32 + 42i 

var88(:,:,1) = 
    10 + 105i -120 + -94i -79 + -87i 55 + -21i 19 + 106i 47 + -65i 
    -88 + -104i 69 + 16i -50 + 8i -78 + 49i 18 + 47i -103 + -35i 
    82 + 96i 5 + 114i -13 + -48i -61 + 22i -39 + -73i 127 + 30i 
    98 + -85i 80 + 42i 51 + -21i 74 + -73i -47 + -60i 28 + 16i 
    -66 + -27i -7 + 4i -95 + 3i -26 + 71i -102 + -120i -72 + -13i 
    83 + -12i 74 + 84i -115 + -5i 81 + 0i -17 + -102i -76 + -67i 
    -18 + -32i 83 + 76i 117 + 120i -45 + -123i 18 + 66i -46 + 33i 
    58 + -92i -74 + 93i 66 + 29i -8 + 58i -12 + -59i 40 + 109i 
    -59 + -89i -124 + 7i 64 + 10i 63 + -124i -41 + 34i -117 + 25i 
    -45 + 16i -61 + 54i 54 + -101i -83 + -112i 46 + 51i 103 + 12i 
    -36 + -68i 3 + -83i 51 + 74i 97 + 123i -61 + -40i 89 + -9i 

