61 
29 
-104 
-19 
-26 
-22 
23 
-54 
-13 
110 
110 
-5 
-67 
74 
-78 
-13 
72 
-110 
23 
12 
-41 
93 
-108 
25 
-55 
40 
88 
