3257 
4368 
5479 
6590 
7701 
8812 
9923 
11034 
12145 
13256 
14367 
15478 
16589 
17700 
18811 
19922 
21033 
22144 
23255 
24366 
25477 
26588 
27699 
28810 
29921 
31032 
32143 
