72 56 109 32 -4 -104 
-115 -47 -82 -46 121 -121 
27 108 126 35 -64 66 
-96 -17 -102 -120 -11 44 
-96 -32 63 -124 -44 -96 
