79 
206 
247 
239 
120 
165 
40 
62 
183 
125 
83 
50 
224 
148 
66 
204 
96 
139 
135 
27 
204 
10 
120 
93 
164 
179 
130 
