Name                       Size           Bytes          Class             

var1                       4x5                160B  mxDOUBLE_CLASS    
var11                      4x5                320B  mxDOUBLE_CLASS    
var21                      5x5                 84B  mxSPARSE_CLASS    
var22                      5x5                124B  mxSPARSE_CLASS    
var24                      4x26               208B  mxCHAR_CLASS      
