771 + 772i 13571 + 13572i 26371 + 26372i 39171 + 39172i 51971 + 51972i 64771 + 64772i 
831 + 832i 13631 + 13632i 26431 + 26432i 39231 + 39232i 52031 + 52032i 64831 + 64832i 
891 + 892i 13691 + 13692i 26491 + 26492i 39291 + 39292i 52091 + 52092i 64891 + 64892i 
951 + 952i 13751 + 13752i 26551 + 26552i 39351 + 39352i 52151 + 52152i 64951 + 64952i 
1011 + 1012i 13811 + 13812i 26611 + 26612i 39411 + 39412i 52211 + 52212i 65011 + 65012i 
