20 + 13i 
181 + 222i 
139 + 184i 
151 + 35i 
120 + 204i 
222 + 111i 
138 + 19i 
36 + 68i 
111 + 184i 
9 + 93i 
199 + 135i 
166 + 215i 
216 + 131i 
79 + 233i 
120 + 64i 
133 + 175i 
46 + 199i 
233 + 68i 
182 + 186i 
170 + 48i 
222 + 94i 
160 + 144i 
53 + 199i 
43 + 251i 
224 + 206i 
162 + 102i 
179 + 205i 
