3197 + -15580i 26983 + 1674i 19017 + -13633i 17899 + -5005i -19803 + -7141i 9259 + -23702i 
-21074 + -22857i -14743 + -14882i -4528 + -27055i -6922 + 94i 20968 + -2378i -30373 + -10440i 
-16360 + -26146i -4730 + -436i 22231 + -19674i 25894 + -577i -26725 + 28212i -12532 + -14551i 
-8341 + -27457i -27873 + -29816i -17235 + -2203i -16712 + 25670i 32554 + 26389i -32002 + 10688i 
28735 + 18372i 7309 + -25871i -21973 + -10620i 15266 + 17841i 8866 + -25612i 10256 + -31572i 
